Archive member included to satisfy reference by file (symbol)

c:/ac6/systemworkbench/plugins/fr.ac6.mcu.externaltools.arm-none.win32_1.17.0.201812190825/tools/compiler/bin/../lib/gcc/arm-none-eabi/7.3.1/../../../../arm-none-eabi/lib/thumb/v7e-m/fpv4-sp/hard\libc.a(lib_a-errno.o)
                              src/syscalls.o (__errno)
c:/ac6/systemworkbench/plugins/fr.ac6.mcu.externaltools.arm-none.win32_1.17.0.201812190825/tools/compiler/bin/../lib/gcc/arm-none-eabi/7.3.1/../../../../arm-none-eabi/lib/thumb/v7e-m/fpv4-sp/hard\libc.a(lib_a-exit.o)
                              c:/ac6/systemworkbench/plugins/fr.ac6.mcu.externaltools.arm-none.win32_1.17.0.201812190825/tools/compiler/bin/../lib/gcc/arm-none-eabi/7.3.1/../../../../arm-none-eabi/lib/thumb/v7e-m/fpv4-sp/hard/crt0.o (exit)
c:/ac6/systemworkbench/plugins/fr.ac6.mcu.externaltools.arm-none.win32_1.17.0.201812190825/tools/compiler/bin/../lib/gcc/arm-none-eabi/7.3.1/../../../../arm-none-eabi/lib/thumb/v7e-m/fpv4-sp/hard\libc.a(lib_a-impure.o)
                              c:/ac6/systemworkbench/plugins/fr.ac6.mcu.externaltools.arm-none.win32_1.17.0.201812190825/tools/compiler/bin/../lib/gcc/arm-none-eabi/7.3.1/../../../../arm-none-eabi/lib/thumb/v7e-m/fpv4-sp/hard\libc.a(lib_a-exit.o) (_global_impure_ptr)
c:/ac6/systemworkbench/plugins/fr.ac6.mcu.externaltools.arm-none.win32_1.17.0.201812190825/tools/compiler/bin/../lib/gcc/arm-none-eabi/7.3.1/../../../../arm-none-eabi/lib/thumb/v7e-m/fpv4-sp/hard\libc.a(lib_a-init.o)
                              c:/ac6/systemworkbench/plugins/fr.ac6.mcu.externaltools.arm-none.win32_1.17.0.201812190825/tools/compiler/bin/../lib/gcc/arm-none-eabi/7.3.1/../../../../arm-none-eabi/lib/thumb/v7e-m/fpv4-sp/hard/crt0.o (__libc_init_array)
c:/ac6/systemworkbench/plugins/fr.ac6.mcu.externaltools.arm-none.win32_1.17.0.201812190825/tools/compiler/bin/../lib/gcc/arm-none-eabi/7.3.1/../../../../arm-none-eabi/lib/thumb/v7e-m/fpv4-sp/hard\libc.a(lib_a-malloc.o)
                              src/tm_stm32f4_delay.o (malloc)
c:/ac6/systemworkbench/plugins/fr.ac6.mcu.externaltools.arm-none.win32_1.17.0.201812190825/tools/compiler/bin/../lib/gcc/arm-none-eabi/7.3.1/../../../../arm-none-eabi/lib/thumb/v7e-m/fpv4-sp/hard\libc.a(lib_a-mallocr.o)
                              c:/ac6/systemworkbench/plugins/fr.ac6.mcu.externaltools.arm-none.win32_1.17.0.201812190825/tools/compiler/bin/../lib/gcc/arm-none-eabi/7.3.1/../../../../arm-none-eabi/lib/thumb/v7e-m/fpv4-sp/hard\libc.a(lib_a-malloc.o) (_malloc_r)
c:/ac6/systemworkbench/plugins/fr.ac6.mcu.externaltools.arm-none.win32_1.17.0.201812190825/tools/compiler/bin/../lib/gcc/arm-none-eabi/7.3.1/../../../../arm-none-eabi/lib/thumb/v7e-m/fpv4-sp/hard\libc.a(lib_a-memset.o)
                              c:/ac6/systemworkbench/plugins/fr.ac6.mcu.externaltools.arm-none.win32_1.17.0.201812190825/tools/compiler/bin/../lib/gcc/arm-none-eabi/7.3.1/../../../../arm-none-eabi/lib/thumb/v7e-m/fpv4-sp/hard/crt0.o (memset)
c:/ac6/systemworkbench/plugins/fr.ac6.mcu.externaltools.arm-none.win32_1.17.0.201812190825/tools/compiler/bin/../lib/gcc/arm-none-eabi/7.3.1/../../../../arm-none-eabi/lib/thumb/v7e-m/fpv4-sp/hard\libc.a(lib_a-mlock.o)
                              c:/ac6/systemworkbench/plugins/fr.ac6.mcu.externaltools.arm-none.win32_1.17.0.201812190825/tools/compiler/bin/../lib/gcc/arm-none-eabi/7.3.1/../../../../arm-none-eabi/lib/thumb/v7e-m/fpv4-sp/hard\libc.a(lib_a-mallocr.o) (__malloc_lock)
c:/ac6/systemworkbench/plugins/fr.ac6.mcu.externaltools.arm-none.win32_1.17.0.201812190825/tools/compiler/bin/../lib/gcc/arm-none-eabi/7.3.1/../../../../arm-none-eabi/lib/thumb/v7e-m/fpv4-sp/hard\libc.a(lib_a-sbrkr.o)
                              c:/ac6/systemworkbench/plugins/fr.ac6.mcu.externaltools.arm-none.win32_1.17.0.201812190825/tools/compiler/bin/../lib/gcc/arm-none-eabi/7.3.1/../../../../arm-none-eabi/lib/thumb/v7e-m/fpv4-sp/hard\libc.a(lib_a-mallocr.o) (_sbrk_r)
c:/ac6/systemworkbench/plugins/fr.ac6.mcu.externaltools.arm-none.win32_1.17.0.201812190825/tools/compiler/bin/../lib/gcc/arm-none-eabi/7.3.1/../../../../arm-none-eabi/lib/thumb/v7e-m/fpv4-sp/hard\libc.a(lib_a-__call_atexit.o)
                              c:/ac6/systemworkbench/plugins/fr.ac6.mcu.externaltools.arm-none.win32_1.17.0.201812190825/tools/compiler/bin/../lib/gcc/arm-none-eabi/7.3.1/../../../../arm-none-eabi/lib/thumb/v7e-m/fpv4-sp/hard\libc.a(lib_a-exit.o) (__call_exitprocs)
c:/ac6/systemworkbench/plugins/fr.ac6.mcu.externaltools.arm-none.win32_1.17.0.201812190825/tools/compiler/bin/../lib/gcc/arm-none-eabi/7.3.1/../../../../arm-none-eabi/lib/thumb/v7e-m/fpv4-sp/hard\libc.a(lib_a-atexit.o)
                              c:/ac6/systemworkbench/plugins/fr.ac6.mcu.externaltools.arm-none.win32_1.17.0.201812190825/tools/compiler/bin/../lib/gcc/arm-none-eabi/7.3.1/../../../../arm-none-eabi/lib/thumb/v7e-m/fpv4-sp/hard\libc.a(lib_a-__call_atexit.o) (atexit)
[...]
Memory Configuration

Name             Origin             Length             Attributes
RAM              0x20000000         0x00020000         xrw
ROM              0x08000000         0x00100000         xr
*default*        0x00000000         0xffffffff

Linker script and memory map

LOAD c:/ac6/systemworkbench/plugins/fr.ac6.mcu.externaltools.arm-none.win32_1.17.0.201812190825/tools/compiler/bin/../lib/gcc/arm-none-eabi/7.3.1/thumb/v7e-m/fpv4-sp/hard/crti.o
LOAD c:/ac6/systemworkbench/plugins/fr.ac6.mcu.externaltools.arm-none.win32_1.17.0.201812190825/tools/compiler/bin/../lib/gcc/arm-none-eabi/7.3.1/thumb/v7e-m/fpv4-sp/hard/crtbegin.o
LOAD c:/ac6/systemworkbench/plugins/fr.ac6.mcu.externaltools.arm-none.win32_1.17.0.201812190825/tools/compiler/bin/../lib/gcc/arm-none-eabi/7.3.1/../../../../arm-none-eabi/lib/thumb/v7e-m/fpv4-sp/hard/crt0.o
LOAD StdPeriph_Driver/src/misc.o
LOAD StdPeriph_Driver/src/stm32f4xx_adc.o
LOAD StdPeriph_Driver/src/stm32f4xx_can.o
LOAD StdPeriph_Driver/src/stm32f4xx_cec.o
LOAD StdPeriph_Driver/src/stm32f4xx_crc.o
LOAD StdPeriph_Driver/src/stm32f4xx_cryp.o
LOAD StdPeriph_Driver/src/stm32f4xx_cryp_aes.o
LOAD StdPeriph_Driver/src/stm32f4xx_cryp_des.o
LOAD StdPeriph_Driver/src/stm32f4xx_cryp_tdes.o
LOAD StdPeriph_Driver/src/stm32f4xx_dac.o
LOAD StdPeriph_Driver/src/stm32f4xx_dbgmcu.o
LOAD StdPeriph_Driver/src/stm32f4xx_dcmi.o
LOAD StdPeriph_Driver/src/stm32f4xx_dfsdm.o
LOAD StdPeriph_Driver/src/stm32f4xx_dma.o
LOAD StdPeriph_Driver/src/stm32f4xx_dma2d.o
LOAD StdPeriph_Driver/src/stm32f4xx_dsi.o
LOAD StdPeriph_Driver/src/stm32f4xx_exti.o
LOAD StdPeriph_Driver/src/stm32f4xx_flash.o
LOAD StdPeriph_Driver/src/stm32f4xx_flash_ramfunc.o
LOAD StdPeriph_Driver/src/stm32f4xx_fmc.o
LOAD StdPeriph_Driver/src/stm32f4xx_fmip2c.o
LOAD StdPeriph_Driver/src/stm32f4xx_fsmc.o
LOAD StdPeriph_Driver/src/stm32f4xx_gpio.o
LOAD StdPeriph_Driver/src/stm32f4xx_hash.o
LOAD StdPeriph_Driver/src/stm32f4xx_hash_md5.o
LOAD StdPeriph_Driver/src/stm32f4xx_hash_sha1.o
LOAD StdPeriph_Driver/src/stm32f4xx_i2c.o
LOAD StdPeriph_Driver/src/stm32f4xx_iwdg.o
LOAD StdPeriph_Driver/src/stm32f4xx_lptim.o
LOAD StdPeriph_Driver/src/stm32f4xx_ltdc.o
LOAD StdPeriph_Driver/src/stm32f4xx_pwr.o
LOAD StdPeriph_Driver/src/stm32f4xx_qspi.o
LOAD StdPeriph_Driver/src/stm32f4xx_rcc.o
LOAD StdPeriph_Driver/src/stm32f4xx_rng.o
LOAD StdPeriph_Driver/src/stm32f4xx_rtc.o
LOAD StdPeriph_Driver/src/stm32f4xx_sai.o
LOAD StdPeriph_Driver/src/stm32f4xx_sdio.o
LOAD StdPeriph_Driver/src/stm32f4xx_spdifrx.o
LOAD StdPeriph_Driver/src/stm32f4xx_spi.o
LOAD StdPeriph_Driver/src/stm32f4xx_syscfg.o
LOAD StdPeriph_Driver/src/stm32f4xx_tim.o
LOAD StdPeriph_Driver/src/stm32f4xx_usart.o
LOAD StdPeriph_Driver/src/stm32f4xx_wwdg.o
LOAD src/main.o
LOAD src/syscalls.o
LOAD src/system_stm32f4xx.o
LOAD src/tm_stm32f4_delay.o
LOAD src/tm_stm32f4_gpio.o
LOAD src/tm_stm32f4_nrf24l01.o
LOAD src/tm_stm32f4_spi.o
LOAD src/tm_stm32f4_usart.o
LOAD startup/startup_stm32.o
LOAD c:/ac6/systemworkbench/plugins/fr.ac6.mcu.externaltools.arm-none.win32_1.17.0.201812190825/tools/compiler/bin/../lib/gcc/arm-none-eabi/7.3.1/../../../../arm-none-eabi/lib/thumb/v7e-m/fpv4-sp/hard\libm.a
START GROUP
LOAD c:/ac6/systemworkbench/plugins/fr.ac6.mcu.externaltools.arm-none.win32_1.17.0.201812190825/tools/compiler/bin/../lib/gcc/arm-none-eabi/7.3.1/thumb/v7e-m/fpv4-sp/hard\libgcc.a
LOAD c:/ac6/systemworkbench/plugins/fr.ac6.mcu.externaltools.arm-none.win32_1.17.0.201812190825/tools/compiler/bin/../lib/gcc/arm-none-eabi/7.3.1/../../../../arm-none-eabi/lib/thumb/v7e-m/fpv4-sp/hard\libc.a
END GROUP
LOAD c:/ac6/systemworkbench/plugins/fr.ac6.mcu.externaltools.arm-none.win32_1.17.0.201812190825/tools/compiler/bin/../lib/gcc/arm-none-eabi/7.3.1/thumb/v7e-m/fpv4-sp/hard/crtend.o
LOAD c:/ac6/systemworkbench/plugins/fr.ac6.mcu.externaltools.arm-none.win32_1.17.0.201812190825/tools/compiler/bin/../lib/gcc/arm-none-eabi/7.3.1/thumb/v7e-m/fpv4-sp/hard/crtn.o
                0x20020000                _estack = 0x20020000
                0x00000000                _Min_Heap_Size = 0x0
                0x00000400                _Min_Stack_Size = 0x400

.isr_vector     0x08000000      0x1a8
                0x08000000                . = ALIGN (0x4)
 *(.isr_vector)
 .isr_vector    0x08000000      0x1a8 startup/startup_stm32.o
                0x08000000                g_pfnVectors
                0x080001a8                . = ALIGN (0x4)

.text           0x080001a8     0x2b30
                0x080001a8                . = ALIGN (0x4)
 *(.text)
 .text          0x080001a8       0x40 c:/ac6/systemworkbench/plugins/fr.ac6.mcu.externaltools.arm-none.win32_1.17.0.201812190825/tools/compiler/bin/../lib/gcc/arm-none-eabi/7.3.1/thumb/v7e-m/fpv4-sp/hard/crtbegin.o
 *(.text*)
 .text.NVIC_Init
                0x080001e8       0xc4 StdPeriph_Driver/src/misc.o
                0x080001e8                NVIC_Init
 .text.RCC_GetClocksFreq
                0x080002ac      0x150 StdPeriph_Driver/src/stm32f4xx_rcc.o
                0x080002ac                RCC_GetClocksFreq
 .text.RCC_APB1PeriphResetCmd
                0x080003fc       0x40 StdPeriph_Driver/src/stm32f4xx_rcc.o
                0x080003fc                RCC_APB1PeriphResetCmd
 .text.RCC_APB2PeriphResetCmd
                0x0800043c       0x40 StdPeriph_Driver/src/stm32f4xx_rcc.o
                0x0800043c                RCC_APB2PeriphResetCmd
 .text.SPI_Init
                0x0800047c       0x88 StdPeriph_Driver/src/stm32f4xx_spi.o
                0x0800047c                SPI_Init
 .text.SPI_StructInit
                0x08000504       0x4a StdPeriph_Driver/src/stm32f4xx_spi.o
                0x08000504                SPI_StructInit
 *fill*         0x0800054e        0x2 
 .text.USART_DeInit
                0x08000550      0x118 StdPeriph_Driver/src/stm32f4xx_usart.o
                0x08000550                USART_DeInit
 .text.USART_Init
                0x08000668      0x174 StdPeriph_Driver/src/stm32f4xx_usart.o
                0x08000668                USART_Init
 .text.main     0x080007dc       0xac src/main.o
                0x080007dc                main
 .text._sbrk    0x08000888       0x58 src/syscalls.o
                0x08000888                _sbrk
 .text.SystemInit
                0x080008e0       0x6c src/system_stm32f4xx.o
                0x080008e0                SystemInit
 .text.SetSysClock
                0x0800094c       0xf8 src/system_stm32f4xx.o
 .text.NVIC_SetPriority
                0x08000a44       0x54 src/tm_stm32f4_delay.o
 .text.SysTick_Config
                0x08000a98       0x44 src/tm_stm32f4_delay.o
 .text.SysTick_Handler
                0x08000adc       0xf0 src/tm_stm32f4_delay.o
                0x08000adc                SysTick_Handler
 .text.TM_DELAY_Init
                0x08000bcc       0x50 src/tm_stm32f4_delay.o
                0x08000bcc                TM_DELAY_Init
 .text.TM_GPIO_Init
                0x08000c1c       0x46 src/tm_stm32f4_gpio.o
                0x08000c1c                TM_GPIO_Init
 .text.TM_GPIO_InitAlternate
                0x08000c62       0xa8 src/tm_stm32f4_gpio.o
                0x08000c62                TM_GPIO_InitAlternate
 .text.TM_GPIO_GetPortSource
                0x08000d0a       0x22 src/tm_stm32f4_gpio.o
                0x08000d0a                TM_GPIO_GetPortSource
 .text.TM_GPIO_INT_EnableClock
                0x08000d2c       0x30 src/tm_stm32f4_gpio.o
                0x08000d2c                TM_GPIO_INT_EnableClock
 .text.TM_GPIO_INT_Init
                0x08000d5c      0x10c src/tm_stm32f4_gpio.o
                0x08000d5c                TM_GPIO_INT_Init
 .text.TM_SPI_Send
                0x08000e68       0x76 src/tm_stm32f4_nrf24l01.o
 *fill*         0x08000ede        0x2 
 .text.TM_NRF24L01_InitPins
                0x08000ee0       0x4c src/tm_stm32f4_nrf24l01.o
                0x08000ee0                TM_NRF24L01_InitPins
 .text.TM_NRF24L01_Init
                0x08000f2c      0x128 src/tm_stm32f4_nrf24l01.o
                0x08000f2c                TM_NRF24L01_Init
 .text.TM_NRF24L01_SetMyAddress
                0x08001054       0x30 src/tm_stm32f4_nrf24l01.o
                0x08001054                TM_NRF24L01_SetMyAddress
 .text.TM_NRF24L01_SetTxAddress
                0x08001084       0x24 src/tm_stm32f4_nrf24l01.o
                0x08001084                TM_NRF24L01_SetTxAddress
 .text.TM_NRF24L01_WriteRegister
                0x080010a8       0x50 src/tm_stm32f4_nrf24l01.o
                0x080010a8                TM_NRF24L01_WriteRegister
 .text.TM_NRF24L01_WriteRegisterMulti
                0x080010f8       0x54 src/tm_stm32f4_nrf24l01.o
                0x080010f8                TM_NRF24L01_WriteRegisterMulti
 .text.TM_NRF24L01_PowerUpTx
                0x0800114c       0x18 src/tm_stm32f4_nrf24l01.o
                0x0800114c                TM_NRF24L01_PowerUpTx
 .text.TM_NRF24L01_PowerUpRx
                0x08001164       0x48 src/tm_stm32f4_nrf24l01.o
                0x08001164                TM_NRF24L01_PowerUpRx
 .text.TM_NRF24L01_Transmit
                0x080011ac       0x74 src/tm_stm32f4_nrf24l01.o
                0x080011ac                TM_NRF24L01_Transmit
 .text.TM_NRF24L01_GetStatus
                0x08001220       0x34 src/tm_stm32f4_nrf24l01.o
                0x08001220                TM_NRF24L01_GetStatus
 .text.TM_NRF24L01_GetTransmissionStatus
                0x08001254       0x34 src/tm_stm32f4_nrf24l01.o
                0x08001254                TM_NRF24L01_GetTransmissionStatus
 .text.TM_NRF24L01_SoftwareReset
                0x08001288      0x126 src/tm_stm32f4_nrf24l01.o
                0x08001288                TM_NRF24L01_SoftwareReset
 *fill*         0x080013ae        0x2 
 .text.TM_NRF24L01_SetChannel
                0x080013b0       0x38 src/tm_stm32f4_nrf24l01.o
                0x080013b0                TM_NRF24L01_SetChannel
 .text.TM_NRF24L01_SetRF
                0x080013e8       0x84 src/tm_stm32f4_nrf24l01.o
                0x080013e8                TM_NRF24L01_SetRF
 .text.TM_SPI_Init
                0x0800146c       0xe0 src/tm_stm32f4_spi.o
                0x0800146c                TM_SPI_Init
 .text.TM_SPI_WriteMulti
                0x0800154c       0x8a src/tm_stm32f4_spi.o
                0x0800154c                TM_SPI_WriteMulti
 .text.TM_SPI_InitCustomPinsCallback
                0x080015d6       0x18 src/tm_stm32f4_spi.o
                0x080015d6                TM_SPI_InitCustomPinsCallback
 *fill*         0x080015ee        0x2 
 .text.TM_SPIx_Init
                0x080015f0      0x188 src/tm_stm32f4_spi.o
 .text.TM_SPI1_INT_InitPins
                0x08001778       0x60 src/tm_stm32f4_spi.o
                0x08001778                TM_SPI1_INT_InitPins
 .text.TM_SPI2_INT_InitPins
                0x080017d8       0x98 src/tm_stm32f4_spi.o
                0x080017d8                TM_SPI2_INT_InitPins
 .text.TM_SPI3_INT_InitPins
                0x08001870       0x64 src/tm_stm32f4_spi.o
                0x08001870                TM_SPI3_INT_InitPins
 .text.TM_SPI4_INT_InitPins
                0x080018d4       0x60 src/tm_stm32f4_spi.o
                0x080018d4                TM_SPI4_INT_InitPins
 .text.TM_SPI5_INT_InitPins
                0x08001934       0x78 src/tm_stm32f4_spi.o
                0x08001934                TM_SPI5_INT_InitPins
 .text.TM_SPI6_INT_InitPins
                0x080019ac       0x44 src/tm_stm32f4_spi.o
                0x080019ac                TM_SPI6_INT_InitPins
 .text.TM_USART_Init
                0x080019f0      0x108 src/tm_stm32f4_usart.o
                0x080019f0                TM_USART_Init
 .text.TM_USART_Getc
                0x08001af8       0x72 src/tm_stm32f4_usart.o
                0x08001af8                TM_USART_Getc
 .text.TM_USART_Gets
                0x08001b6a       0x80 src/tm_stm32f4_usart.o
                0x08001b6a                TM_USART_Gets
 .text.TM_USART_FindCharacter
                0x08001bea       0x60 src/tm_stm32f4_usart.o
                0x08001bea                TM_USART_FindCharacter
 .text.TM_USART_INT_InsertToBuffer
                0x08001c4a       0x5c src/tm_stm32f4_usart.o
                0x08001c4a                TM_USART_INT_InsertToBuffer
 .text.TM_USART_InitCustomPinsCallback
                0x08001ca6       0x18 src/tm_stm32f4_usart.o
                0x08001ca6                TM_USART_InitCustomPinsCallback
 *fill*         0x08001cbe        0x2 
 .text.TM_USART_INT_GetUsart
                0x08001cc0       0x90 src/tm_stm32f4_usart.o
                0x08001cc0                TM_USART_INT_GetUsart
 .text.TM_USART_INT_GetSubPriority
                0x08001d50       0x78 src/tm_stm32f4_usart.o
                0x08001d50                TM_USART_INT_GetSubPriority
 .text.TM_USART1_InitPins
                0x08001dc8       0x64 src/tm_stm32f4_usart.o
                0x08001dc8                TM_USART1_InitPins
 .text.TM_USART2_InitPins
                0x08001e2c       0x60 src/tm_stm32f4_usart.o
                0x08001e2c                TM_USART2_InitPins
 .text.TM_USART3_InitPins
                0x08001e8c       0x84 src/tm_stm32f4_usart.o
                0x08001e8c                TM_USART3_InitPins
 .text.TM_UART4_InitPins
                0x08001f10       0x64 src/tm_stm32f4_usart.o
                0x08001f10                TM_UART4_InitPins
 .text.TM_UART5_InitPins
                0x08001f74       0x5c src/tm_stm32f4_usart.o
                0x08001f74                TM_UART5_InitPins
 .text.TM_USART6_InitPins
                0x08001fd0       0x64 src/tm_stm32f4_usart.o
                0x08001fd0                TM_USART6_InitPins
 .text.USART1_IRQHandler
                0x08002034       0x30 src/tm_stm32f4_usart.o
                0x08002034                USART1_IRQHandler
 .text.USART2_IRQHandler
                0x08002064       0x30 src/tm_stm32f4_usart.o
                0x08002064                USART2_IRQHandler
 .text.USART3_IRQHandler
                0x08002094       0x30 src/tm_stm32f4_usart.o
                0x08002094                USART3_IRQHandler
 .text.UART4_IRQHandler
                0x080020c4       0x30 src/tm_stm32f4_usart.o
                0x080020c4                UART4_IRQHandler
 .text.UART5_IRQHandler
                0x080020f4       0x30 src/tm_stm32f4_usart.o
                0x080020f4                UART5_IRQHandler
 .text.USART6_IRQHandler
                0x08002124       0x30 src/tm_stm32f4_usart.o
                0x08002124                USART6_IRQHandler
 .text.TM_USART_INT_Init
                0x08002154      0x18c src/tm_stm32f4_usart.o
 .text.Reset_Handler
                0x080022e0       0x50 startup/startup_stm32.o
                0x080022e0                Reset_Handler
 .text.Default_Handler
                0x08002330        0x2 startup/startup_stm32.o
                0x08002330                RTC_Alarm_IRQHandler
                0x08002330                HASH_RNG_IRQHandler
                0x08002330                EXTI2_IRQHandler
                0x08002330                TIM8_CC_IRQHandler
                0x08002330                DebugMon_Handler
                0x08002330                TIM1_CC_IRQHandler
                0x08002330                DMA2_Stream5_IRQHandler
                0x08002330                HardFault_Handler
                0x08002330                DMA1_Stream5_IRQHandler
                0x08002330                PVD_IRQHandler
                0x08002330                SDIO_IRQHandler
                0x08002330                TAMP_STAMP_IRQHandler
                0x08002330                PendSV_Handler
                0x08002330                NMI_Handler
                0x08002330                CAN2_RX1_IRQHandler
                0x08002330                EXTI3_IRQHandler
                0x08002330                TIM8_TRG_COM_TIM14_IRQHandler
                0x08002330                TIM1_UP_TIM10_IRQHandler
                0x08002330                TIM8_UP_TIM13_IRQHandler
                0x08002330                I2C3_ER_IRQHandler
                0x08002330                LCD_TFT_IRQHandler
                0x08002330                EXTI0_IRQHandler
                0x08002330                I2C2_EV_IRQHandler
                0x08002330                DMA1_Stream2_IRQHandler
                0x08002330                CAN1_RX0_IRQHandler
                0x08002330                FPU_IRQHandler
                0x08002330                OTG_HS_WKUP_IRQHandler
                0x08002330                UsageFault_Handler
                0x08002330                CAN2_SCE_IRQHandler
                0x08002330                DMA2_Stream2_IRQHandler
                0x08002330                SPI1_IRQHandler
                0x08002330                TIM6_DAC_IRQHandler
                0x08002330                TIM1_BRK_TIM9_IRQHandler
                0x08002330                DCMI_IRQHandler
                0x08002330                CAN2_RX0_IRQHandler
                0x08002330                DMA2_Stream3_IRQHandler
                0x08002330                CRYP_IRQHandler
                0x08002330                CAN1_RX1_IRQHandler
                0x08002330                DMA2_Stream0_IRQHandler
                0x08002330                TIM4_IRQHandler
                0x08002330                I2C1_EV_IRQHandler
                0x08002330                DMA1_Stream6_IRQHandler
                0x08002330                DMA1_Stream1_IRQHandler
                0x08002330                LCD_TFT_1_IRQHandler
                0x08002330                TIM3_IRQHandler
                0x08002330                RCC_IRQHandler
                0x08002330                TIM8_BRK_TIM12_IRQHandler
                0x08002330                Default_Handler
                0x08002330                EXTI15_10_IRQHandler
                0x08002330                ADC_IRQHandler
                0x08002330                DMA1_Stream7_IRQHandler
                0x08002330                TIM7_IRQHandler
                0x08002330                CAN2_TX_IRQHandler
                0x08002330                TIM5_IRQHandler
                0x08002330                DMA2_Stream7_IRQHandler
                0x08002330                I2C3_EV_IRQHandler
                0x08002330                EXTI9_5_IRQHandler
                0x08002330                RTC_WKUP_IRQHandler
                0x08002330                ETH_WKUP_IRQHandler
                0x08002330                SPI2_IRQHandler
                0x08002330                OTG_HS_EP1_IN_IRQHandler
                0x08002330                MemManage_Handler
                0x08002330                DMA1_Stream0_IRQHandler
                0x08002330                CAN1_TX_IRQHandler
                0x08002330                SVC_Handler
                0x08002330                EXTI4_IRQHandler
                0x08002330                FSMC_IRQHandler
                0x08002330                ETH_IRQHandler
                0x08002330                OTG_HS_EP1_OUT_IRQHandler
                0x08002330                WWDG_IRQHandler
                0x08002330                TIM2_IRQHandler
                0x08002330                OTG_FS_WKUP_IRQHandler
                0x08002330                TIM1_TRG_COM_TIM11_IRQHandler
                0x08002330                OTG_HS_IRQHandler
                0x08002330                EXTI1_IRQHandler
                0x08002330                I2C2_ER_IRQHandler
                0x08002330                DMA2_Stream1_IRQHandler
                0x08002330                CAN1_SCE_IRQHandler
                0x08002330                DMA2_Stream4_IRQHandler
                0x08002330                BusFault_Handler
                0x08002330                OTG_FS_IRQHandler
                0x08002330                SPI3_IRQHandler
                0x08002330                DMA1_Stream4_IRQHandler
                0x08002330                I2C1_ER_IRQHandler
                0x08002330                DMA2_Stream6_IRQHandler
                0x08002330                DMA1_Stream3_IRQHandler
 *fill*         0x08002332        0x2 
 .text.__errno  0x08002334        0xc c:/ac6/systemworkbench/plugins/fr.ac6.mcu.externaltools.arm-none.win32_1.17.0.201812190825/tools/compiler/bin/../lib/gcc/arm-none-eabi/7.3.1/../../../../arm-none-eabi/lib/thumb/v7e-m/fpv4-sp/hard\libc.a(lib_a-errno.o)
                0x08002334                __errno
 .text.__libc_init_array
                0x08002340       0x48 c:/ac6/systemworkbench/plugins/fr.ac6.mcu.externaltools.arm-none.win32_1.17.0.201812190825/tools/compiler/bin/../lib/gcc/arm-none-eabi/7.3.1/../../../../arm-none-eabi/lib/thumb/v7e-m/fpv4-sp/hard\libc.a(lib_a-init.o)
                0x08002340                __libc_init_array
 .text.malloc   0x08002388       0x10 c:/ac6/systemworkbench/plugins/fr.ac6.mcu.externaltools.arm-none.win32_1.17.0.201812190825/tools/compiler/bin/../lib/gcc/arm-none-eabi/7.3.1/../../../../arm-none-eabi/lib/thumb/v7e-m/fpv4-sp/hard\libc.a(lib_a-malloc.o)
                0x08002388                malloc
 .text._malloc_r
                0x08002398      0x548 c:/ac6/systemworkbench/plugins/fr.ac6.mcu.externaltools.arm-none.win32_1.17.0.201812190825/tools/compiler/bin/../lib/gcc/arm-none-eabi/7.3.1/../../../../arm-none-eabi/lib/thumb/v7e-m/fpv4-sp/hard\libc.a(lib_a-mallocr.o)
                0x08002398                _malloc_r
 .text.__malloc_lock
                0x080028e0        0xc c:/ac6/systemworkbench/plugins/fr.ac6.mcu.externaltools.arm-none.win32_1.17.0.201812190825/tools/compiler/bin/../lib/gcc/arm-none-eabi/7.3.1/../../../../arm-none-eabi/lib/thumb/v7e-m/fpv4-sp/hard\libc.a(lib_a-mlock.o)
                0x080028e0                __malloc_lock
 .text.__malloc_unlock
                0x080028ec        0xc c:/ac6/systemworkbench/plugins/fr.ac6.mcu.externaltools.arm-none.win32_1.17.0.201812190825/tools/compiler/bin/../lib/gcc/arm-none-eabi/7.3.1/../../../../arm-none-eabi/lib/thumb/v7e-m/fpv4-sp/hard\libc.a(lib_a-mlock.o)
                0x080028ec                __malloc_unlock
 .text._sbrk_r  0x080028f8       0x24 c:/ac6/systemworkbench/plugins/fr.ac6.mcu.externaltools.arm-none.win32_1.17.0.201812190825/tools/compiler/bin/../lib/gcc/arm-none-eabi/7.3.1/../../../../arm-none-eabi/lib/thumb/v7e-m/fpv4-sp/hard\libc.a(lib_a-sbrkr.o)
                0x080028f8                _sbrk_r
 .text.startup.register_fini
                0x0800291c       0x14 c:/ac6/systemworkbench/plugins/fr.ac6.mcu.externaltools.arm-none.win32_1.17.0.201812190825/tools/compiler/bin/../lib/gcc/arm-none-eabi/7.3.1/../../../../arm-none-eabi/lib/thumb/v7e-m/fpv4-sp/hard\libc.a(lib_a-__call_atexit.o)
 .text.atexit   0x08002930        0xc c:/ac6/systemworkbench/plugins/fr.ac6.mcu.externaltools.arm-none.win32_1.17.0.201812190825/tools/compiler/bin/../lib/gcc/arm-none-eabi/7.3.1/../../../../arm-none-eabi/lib/thumb/v7e-m/fpv4-sp/hard\libc.a(lib_a-atexit.o)
                0x08002930                atexit
 .text.__libc_fini_array
                0x0800293c       0x34 c:/ac6/systemworkbench/plugins/fr.ac6.mcu.externaltools.arm-none.win32_1.17.0.201812190825/tools/compiler/bin/../lib/gcc/arm-none-eabi/7.3.1/../../../../arm-none-eabi/lib/thumb/v7e-m/fpv4-sp/hard\libc.a(lib_a-fini.o)
                0x0800293c                __libc_fini_array
 .text._malloc_trim_r
                0x08002970       0xa0 c:/ac6/systemworkbench/plugins/fr.ac6.mcu.externaltools.arm-none.win32_1.17.0.201812190825/tools/compiler/bin/../lib/gcc/arm-none-eabi/7.3.1/../../../../arm-none-eabi/lib/thumb/v7e-m/fpv4-sp/hard\libc.a(lib_a-freer.o)
                0x08002970                _malloc_trim_r
 .text._free_r  0x08002a10      0x1e8 c:/ac6/systemworkbench/plugins/fr.ac6.mcu.externaltools.arm-none.win32_1.17.0.201812190825/tools/compiler/bin/../lib/gcc/arm-none-eabi/7.3.1/../../../../arm-none-eabi/lib/thumb/v7e-m/fpv4-sp/hard\libc.a(lib_a-freer.o)
                0x08002a10                _free_r
 .text.__retarget_lock_acquire_recursive
                0x08002bf8        0x4 c:/ac6/systemworkbench/plugins/fr.ac6.mcu.externaltools.arm-none.win32_1.17.0.201812190825/tools/compiler/bin/../lib/gcc/arm-none-eabi/7.3.1/../../../../arm-none-eabi/lib/thumb/v7e-m/fpv4-sp/hard\libc.a(lib_a-lock.o)
                0x08002bf8                __retarget_lock_acquire_recursive
 .text.__retarget_lock_release_recursive
                0x08002bfc        0x4 c:/ac6/systemworkbench/plugins/fr.ac6.mcu.externaltools.arm-none.win32_1.17.0.201812190825/tools/compiler/bin/../lib/gcc/arm-none-eabi/7.3.1/../../../../arm-none-eabi/lib/thumb/v7e-m/fpv4-sp/hard\libc.a(lib_a-lock.o)
                0x08002bfc                __retarget_lock_release_recursive
 .text.__register_exitproc
                0x08002c00       0xc0 c:/ac6/systemworkbench/plugins/fr.ac6.mcu.externaltools.arm-none.win32_1.17.0.201812190825/tools/compiler/bin/../lib/gcc/arm-none-eabi/7.3.1/../../../../arm-none-eabi/lib/thumb/v7e-m/fpv4-sp/hard\libc.a(lib_a-__atexit.o)
                0x08002c00                __register_exitproc
 *(.glue_7)
 .glue_7        0x08002cc0        0x0 linker stubs
 *(.glue_7t)
 .glue_7t       0x08002cc0        0x0 linker stubs
 *(.eh_frame)
 .eh_frame      0x08002cc0        0x0 c:/ac6/systemworkbench/plugins/fr.ac6.mcu.externaltools.arm-none.win32_1.17.0.201812190825/tools/compiler/bin/../lib/gcc/arm-none-eabi/7.3.1/thumb/v7e-m/fpv4-sp/hard/crtbegin.o
 *(.init)
 .init          0x08002cc0        0x4 c:/ac6/systemworkbench/plugins/fr.ac6.mcu.externaltools.arm-none.win32_1.17.0.201812190825/tools/compiler/bin/../lib/gcc/arm-none-eabi/7.3.1/thumb/v7e-m/fpv4-sp/hard/crti.o
                0x08002cc0                _init
 .init          0x08002cc4        0x8 c:/ac6/systemworkbench/plugins/fr.ac6.mcu.externaltools.arm-none.win32_1.17.0.201812190825/tools/compiler/bin/../lib/gcc/arm-none-eabi/7.3.1/thumb/v7e-m/fpv4-sp/hard/crtn.o
 *(.fini)
 .fini          0x08002ccc        0x4 c:/ac6/systemworkbench/plugins/fr.ac6.mcu.externaltools.arm-none.win32_1.17.0.201812190825/tools/compiler/bin/../lib/gcc/arm-none-eabi/7.3.1/thumb/v7e-m/fpv4-sp/hard/crti.o
                0x08002ccc                _fini
 .fini          0x08002cd0        0x8 c:/ac6/systemworkbench/plugins/fr.ac6.mcu.externaltools.arm-none.win32_1.17.0.201812190825/tools/compiler/bin/../lib/gcc/arm-none-eabi/7.3.1/thumb/v7e-m/fpv4-sp/hard/crtn.o
                0x08002cd8                . = ALIGN (0x4)
                0x08002cd8                _etext = .

.vfp11_veneer   0x08002cd8        0x0
 .vfp11_veneer  0x08002cd8        0x0 linker stubs

.v4_bx          0x08002cd8        0x0
 .v4_bx         0x08002cd8        0x0 linker stubs

.iplt           0x08002cd8        0x0
 .iplt          0x08002cd8        0x0 c:/ac6/systemworkbench/plugins/fr.ac6.mcu.externaltools.arm-none.win32_1.17.0.201812190825/tools/compiler/bin/../lib/gcc/arm-none-eabi/7.3.1/thumb/v7e-m/fpv4-sp/hard/crtbegin.o

.rodata         0x08002cd8        0x4
                0x08002cd8                . = ALIGN (0x4)
 *(.rodata)
 *(.rodata*)
 .rodata._global_impure_ptr
                0x08002cd8        0x4 c:/ac6/systemworkbench/plugins/fr.ac6.mcu.externaltools.arm-none.win32_1.17.0.201812190825/tools/compiler/bin/../lib/gcc/arm-none-eabi/7.3.1/../../../../arm-none-eabi/lib/thumb/v7e-m/fpv4-sp/hard\libc.a(lib_a-impure.o)
                0x08002cd8                _global_impure_ptr
                0x08002cdc                . = ALIGN (0x4)

.rel.dyn        0x08002cdc        0x0
 .rel.iplt      0x08002cdc        0x0 c:/ac6/systemworkbench/plugins/fr.ac6.mcu.externaltools.arm-none.win32_1.17.0.201812190825/tools/compiler/bin/../lib/gcc/arm-none-eabi/7.3.1/thumb/v7e-m/fpv4-sp/hard/crtbegin.o

.ARM.extab      0x08002cdc        0x0
                0x08002cdc                . = ALIGN (0x4)
 *(.ARM.extab* .gnu.linkonce.armextab.*)
                0x08002cdc                . = ALIGN (0x4)

.ARM            0x08002cdc        0x0
                0x08002cdc                . = ALIGN (0x4)
                0x08002cdc                __exidx_start = .
 *(.ARM.exidx*)
                0x08002cdc                __exidx_end = .
                0x08002cdc                . = ALIGN (0x4)

.preinit_array  0x08002cdc        0x0
                0x08002cdc                . = ALIGN (0x4)
                0x08002cdc                PROVIDE (__preinit_array_start = .)
 *(.preinit_array*)
                0x08002cdc                PROVIDE (__preinit_array_end = .)
                0x08002cdc                . = ALIGN (0x4)

.init_array     0x08002cdc        0x8
                0x08002cdc                . = ALIGN (0x4)
                0x08002cdc                PROVIDE (__init_array_start = .)
 *(SORT_BY_NAME(.init_array.*))
 .init_array.00000
                0x08002cdc        0x4 c:/ac6/systemworkbench/plugins/fr.ac6.mcu.externaltools.arm-none.win32_1.17.0.201812190825/tools/compiler/bin/../lib/gcc/arm-none-eabi/7.3.1/../../../../arm-none-eabi/lib/thumb/v7e-m/fpv4-sp/hard\libc.a(lib_a-__call_atexit.o)
 *(.init_array*)
 .init_array    0x08002ce0        0x4 c:/ac6/systemworkbench/plugins/fr.ac6.mcu.externaltools.arm-none.win32_1.17.0.201812190825/tools/compiler/bin/../lib/gcc/arm-none-eabi/7.3.1/thumb/v7e-m/fpv4-sp/hard/crtbegin.o
                0x08002ce4                PROVIDE (__init_array_end = .)
                0x08002ce4                . = ALIGN (0x4)

.fini_array     0x08002ce4        0x4
                0x08002ce4                . = ALIGN (0x4)
                0x08002ce4                PROVIDE (__fini_array_start = .)
 *(SORT_BY_NAME(.fini_array.*))
 *(.fini_array*)
 .fini_array    0x08002ce4        0x4 c:/ac6/systemworkbench/plugins/fr.ac6.mcu.externaltools.arm-none.win32_1.17.0.201812190825/tools/compiler/bin/../lib/gcc/arm-none-eabi/7.3.1/thumb/v7e-m/fpv4-sp/hard/crtbegin.o
                0x08002ce8                PROVIDE (__fini_array_end = .)
                0x08002ce8                . = ALIGN (0x4)
                0x08002ce8                _sidata = LOADADDR (.data)

.data           0x20000000      0x8d4 load address 0x08002ce8
                0x20000000                . = ALIGN (0x4)
                0x20000000                _sdata = .
 *(.data)
 .data          0x20000000       0x10 StdPeriph_Driver/src/stm32f4xx_rcc.o
 .data          0x20000010        0xd src/main.o
                0x20000010                MyAddress
                0x20000018                TxAddress
 *fill*         0x2000001d        0x3 
 .data          0x20000020       0x14 src/system_stm32f4xx.o
                0x20000020                SystemCoreClock
                0x20000024                AHBPrescTable
 .data          0x20000034       0x60 src/tm_stm32f4_usart.o
                0x20000034                TM_USART1
                0x20000044                TM_USART2
                0x20000054                TM_USART3
                0x20000064                TM_UART4
                0x20000074                TM_UART5
                0x20000084                TM_USART6
 *(.data*)
 .data._impure_ptr
                0x20000094        0x4 c:/ac6/systemworkbench/plugins/fr.ac6.mcu.externaltools.arm-none.win32_1.17.0.201812190825/tools/compiler/bin/../lib/gcc/arm-none-eabi/7.3.1/../../../../arm-none-eabi/lib/thumb/v7e-m/fpv4-sp/hard\libc.a(lib_a-impure.o)
                0x20000094                _impure_ptr
 .data.impure_data
                0x20000098      0x428 c:/ac6/systemworkbench/plugins/fr.ac6.mcu.externaltools.arm-none.win32_1.17.0.201812190825/tools/compiler/bin/../lib/gcc/arm-none-eabi/7.3.1/../../../../arm-none-eabi/lib/thumb/v7e-m/fpv4-sp/hard\libc.a(lib_a-impure.o)
 .data.__malloc_av_
                0x200004c0      0x408 c:/ac6/systemworkbench/plugins/fr.ac6.mcu.externaltools.arm-none.win32_1.17.0.201812190825/tools/compiler/bin/../lib/gcc/arm-none-eabi/7.3.1/../../../../arm-none-eabi/lib/thumb/v7e-m/fpv4-sp/hard\libc.a(lib_a-mallocr.o)
                0x200004c0                __malloc_av_
 .data.__malloc_sbrk_base
                0x200008c8        0x4 c:/ac6/systemworkbench/plugins/fr.ac6.mcu.externaltools.arm-none.win32_1.17.0.201812190825/tools/compiler/bin/../lib/gcc/arm-none-eabi/7.3.1/../../../../arm-none-eabi/lib/thumb/v7e-m/fpv4-sp/hard\libc.a(lib_a-mallocr.o)
                0x200008c8                __malloc_sbrk_base
 .data.__malloc_trim_threshold
                0x200008cc        0x4 c:/ac6/systemworkbench/plugins/fr.ac6.mcu.externaltools.arm-none.win32_1.17.0.201812190825/tools/compiler/bin/../lib/gcc/arm-none-eabi/7.3.1/../../../../arm-none-eabi/lib/thumb/v7e-m/fpv4-sp/hard\libc.a(lib_a-mallocr.o)
                0x200008cc                __malloc_trim_threshold
 .data.__atexit_recursive_mutex
                0x200008d0        0x4 c:/ac6/systemworkbench/plugins/fr.ac6.mcu.externaltools.arm-none.win32_1.17.0.201812190825/tools/compiler/bin/../lib/gcc/arm-none-eabi/7.3.1/../../../../arm-none-eabi/lib/thumb/v7e-m/fpv4-sp/hard\libc.a(lib_a-__call_atexit.o)
                0x200008d0                __atexit_recursive_mutex
                0x200008d4                . = ALIGN (0x4)
                0x200008d4                _edata = .

.igot.plt       0x200008d4        0x0 load address 0x080035bc
 .igot.plt      0x200008d4        0x0 c:/ac6/systemworkbench/plugins/fr.ac6.mcu.externaltools.arm-none.win32_1.17.0.201812190825/tools/compiler/bin/../lib/gcc/arm-none-eabi/7.3.1/thumb/v7e-m/fpv4-sp/hard/crtbegin.o
                0x200008d4                . = ALIGN (0x4)

.bss            0x200008d4      0x194 load address 0x080035bc
                0x200008d4                _sbss = .
                0x200008d4                __bss_start__ = _sbss
 *(.bss)
 .bss           0x200008d4       0x1c c:/ac6/systemworkbench/plugins/fr.ac6.mcu.externaltools.arm-none.win32_1.17.0.201812190825/tools/compiler/bin/../lib/gcc/arm-none-eabi/7.3.1/thumb/v7e-m/fpv4-sp/hard/crtbegin.o
 .bss           0x200008f0        0x8 src/syscalls.o
                0x200008f0                __env
 .bss           0x200008f8       0x28 src/tm_stm32f4_delay.o
                0x200008f8                TM_TimingDelay
                0x200008fc                TM_Time
                0x20000900                TM_Time2
                0x20000904                TM_DELAY_Initialized
 .bss           0x20000920       0x16 src/tm_stm32f4_gpio.o
 *fill*         0x20000936        0x2 
 .bss           0x20000938        0x4 src/tm_stm32f4_nrf24l01.o
 *(.bss*)
 .bss.__malloc_current_mallinfo
                0x2000093c       0x28 c:/ac6/systemworkbench/plugins/fr.ac6.mcu.externaltools.arm-none.win32_1.17.0.201812190825/tools/compiler/bin/../lib/gcc/arm-none-eabi/7.3.1/../../../../arm-none-eabi/lib/thumb/v7e-m/fpv4-sp/hard\libc.a(lib_a-mallocr.o)
                0x2000093c                __malloc_current_mallinfo
 .bss.__malloc_max_sbrked_mem
                0x20000964        0x4 c:/ac6/systemworkbench/plugins/fr.ac6.mcu.externaltools.arm-none.win32_1.17.0.201812190825/tools/compiler/bin/../lib/gcc/arm-none-eabi/7.3.1/../../../../arm-none-eabi/lib/thumb/v7e-m/fpv4-sp/hard\libc.a(lib_a-mallocr.o)
                0x20000964                __malloc_max_sbrked_mem
 .bss.__malloc_max_total_mem
                0x20000968        0x4 c:/ac6/systemworkbench/plugins/fr.ac6.mcu.externaltools.arm-none.win32_1.17.0.201812190825/tools/compiler/bin/../lib/gcc/arm-none-eabi/7.3.1/../../../../arm-none-eabi/lib/thumb/v7e-m/fpv4-sp/hard\libc.a(lib_a-mallocr.o)
                0x20000968                __malloc_max_total_mem
 .bss.__malloc_top_pad
                0x2000096c        0x4 c:/ac6/systemworkbench/plugins/fr.ac6.mcu.externaltools.arm-none.win32_1.17.0.201812190825/tools/compiler/bin/../lib/gcc/arm-none-eabi/7.3.1/../../../../arm-none-eabi/lib/thumb/v7e-m/fpv4-sp/hard\libc.a(lib_a-mallocr.o)
                0x2000096c                __malloc_top_pad
 *(COMMON)
 COMMON         0x20000970        0xa src/main.o
                0x20000970                dataOut
 *fill*         0x2000097a        0x2 
 COMMON         0x2000097c        0x4 src/tm_stm32f4_delay.o
                0x2000097c                mult
 COMMON         0x20000980       0xc0 src/tm_stm32f4_usart.o
                0x20000980                TM_UART5_Buffer
                0x200009a0                TM_USART6_Buffer
                0x200009c0                TM_USART3_Buffer
                0x200009e0                TM_USART2_Buffer
                0x20000a00                TM_USART1_Buffer
                0x20000a20                TM_UART4_Buffer
 COMMON         0x20000a40       0x21 c:/ac6/systemworkbench/plugins/fr.ac6.mcu.externaltools.arm-none.win32_1.17.0.201812190825/tools/compiler/bin/../lib/gcc/arm-none-eabi/7.3.1/../../../../arm-none-eabi/lib/thumb/v7e-m/fpv4-sp/hard\libc.a(lib_a-lock.o)
                0x20000a40                __lock___atexit_recursive_mutex
                0x20000a44                __lock___arc4random_mutex
                0x20000a48                __lock___env_recursive_mutex
                0x20000a4c                __lock___sinit_recursive_mutex
                0x20000a50                __lock___malloc_recursive_mutex
                0x20000a54                __lock___at_quick_exit_mutex
                0x20000a58                __lock___dd_hash_mutex
                0x20000a5c                __lock___tz_mutex
                0x20000a60                __lock___sfp_recursive_mutex
 *fill*         0x20000a61        0x3 
 COMMON         0x20000a64        0x4 c:/ac6/systemworkbench/plugins/fr.ac6.mcu.externaltools.arm-none.win32_1.17.0.201812190825/tools/compiler/bin/../lib/gcc/arm-none-eabi/7.3.1/../../../../arm-none-eabi/lib/thumb/v7e-m/fpv4-sp/hard\libc.a(lib_a-reent.o)
                0x20000a64                errno
                0x20000a68                . = ALIGN (0x4)
                0x20000a68                _ebss = .
                0x20000a68                __bss_end__ = _ebss

._user_heap_stack
                0x20000a68      0x400 load address 0x080035bc
                0x20000a68                . = ALIGN (0x8)
                0x20000a68                PROVIDE (end = .)
                [!provide]                PROVIDE (_end = .)
                0x20000a68                . = (. + _Min_Heap_Size)
                0x20000e68                . = (. + _Min_Stack_Size)
 *fill*         0x20000a68      0x400 
                0x20000e68                . = ALIGN (0x8)

/DISCARD/
 libc.a(*)
 libm.a(*)
 libgcc.a(*)

.ARM.attributes
                0x00000000       0x30
 *(.ARM.attributes)
 .ARM.attributes
                0x00000000       0x22 c:/ac6/systemworkbench/plugins/fr.ac6.mcu.externaltools.arm-none.win32_1.17.0.201812190825/tools/compiler/bin/../lib/gcc/arm-none-eabi/7.3.1/thumb/v7e-m/fpv4-sp/hard/crti.o
 .ARM.attributes
                0x00000022       0x34 c:/ac6/systemworkbench/plugins/fr.ac6.mcu.externaltools.arm-none.win32_1.17.0.201812190825/tools/compiler/bin/../lib/gcc/arm-none-eabi/7.3.1/thumb/v7e-m/fpv4-sp/hard/crtbegin.o
 .ARM.attributes
                0x00000056       0x39 StdPeriph_Driver/src/misc.o
 .ARM.attributes
                0x0000008f       0x39 StdPeriph_Driver/src/stm32f4xx_rcc.o
 .ARM.attributes
                0x000000c8       0x39 StdPeriph_Driver/src/stm32f4xx_spi.o
 .ARM.attributes
                0x00000101       0x39 StdPeriph_Driver/src/stm32f4xx_usart.o
 .ARM.attributes
                0x0000013a       0x39 src/main.o
 .ARM.attributes
                0x00000173       0x39 src/syscalls.o
 .ARM.attributes
                0x000001ac       0x39 src/system_stm32f4xx.o
 .ARM.attributes
                0x000001e5       0x39 src/tm_stm32f4_delay.o
 .ARM.attributes
                0x0000021e       0x39 src/tm_stm32f4_gpio.o
 .ARM.attributes
                0x00000257       0x39 src/tm_stm32f4_nrf24l01.o
 .ARM.attributes
                0x00000290       0x39 src/tm_stm32f4_spi.o
 .ARM.attributes
                0x000002c9       0x39 src/tm_stm32f4_usart.o
 .ARM.attributes
                0x00000302       0x21 startup/startup_stm32.o
 .ARM.attributes
                0x00000323       0x34 c:/ac6/systemworkbench/plugins/fr.ac6.mcu.externaltools.arm-none.win32_1.17.0.201812190825/tools/compiler/bin/../lib/gcc/arm-none-eabi/7.3.1/../../../../arm-none-eabi/lib/thumb/v7e-m/fpv4-sp/hard\libc.a(lib_a-errno.o)
 .ARM.attributes
                0x00000357       0x34 c:/ac6/systemworkbench/plugins/fr.ac6.mcu.externaltools.arm-none.win32_1.17.0.201812190825/tools/compiler/bin/../lib/gcc/arm-none-eabi/7.3.1/../../../../arm-none-eabi/lib/thumb/v7e-m/fpv4-sp/hard\libc.a(lib_a-impure.o)
 .ARM.attributes
                0x0000038b       0x34 c:/ac6/systemworkbench/plugins/fr.ac6.mcu.externaltools.arm-none.win32_1.17.0.201812190825/tools/compiler/bin/../lib/gcc/arm-none-eabi/7.3.1/../../../../arm-none-eabi/lib/thumb/v7e-m/fpv4-sp/hard\libc.a(lib_a-init.o)
 .ARM.attributes
                0x000003bf       0x34 c:/ac6/systemworkbench/plugins/fr.ac6.mcu.externaltools.arm-none.win32_1.17.0.201812190825/tools/compiler/bin/../lib/gcc/arm-none-eabi/7.3.1/../../../../arm-none-eabi/lib/thumb/v7e-m/fpv4-sp/hard\libc.a(lib_a-malloc.o)
 .ARM.attributes
                0x000003f3       0x34 c:/ac6/systemworkbench/plugins/fr.ac6.mcu.externaltools.arm-none.win32_1.17.0.201812190825/tools/compiler/bin/../lib/gcc/arm-none-eabi/7.3.1/../../../../arm-none-eabi/lib/thumb/v7e-m/fpv4-sp/hard\libc.a(lib_a-mallocr.o)
 .ARM.attributes
                0x00000427       0x34 c:/ac6/systemworkbench/plugins/fr.ac6.mcu.externaltools.arm-none.win32_1.17.0.201812190825/tools/compiler/bin/../lib/gcc/arm-none-eabi/7.3.1/../../../../arm-none-eabi/lib/thumb/v7e-m/fpv4-sp/hard\libc.a(lib_a-mlock.o)
 .ARM.attributes
                0x0000045b       0x34 c:/ac6/systemworkbench/plugins/fr.ac6.mcu.externaltools.arm-none.win32_1.17.0.201812190825/tools/compiler/bin/../lib/gcc/arm-none-eabi/7.3.1/../../../../arm-none-eabi/lib/thumb/v7e-m/fpv4-sp/hard\libc.a(lib_a-sbrkr.o)
 .ARM.attributes
                0x0000048f       0x34 c:/ac6/systemworkbench/plugins/fr.ac6.mcu.externaltools.arm-none.win32_1.17.0.201812190825/tools/compiler/bin/../lib/gcc/arm-none-eabi/7.3.1/../../../../arm-none-eabi/lib/thumb/v7e-m/fpv4-sp/hard\libc.a(lib_a-__call_atexit.o)
 .ARM.attributes
                0x000004c3       0x34 c:/ac6/systemworkbench/plugins/fr.ac6.mcu.externaltools.arm-none.win32_1.17.0.201812190825/tools/compiler/bin/../lib/gcc/arm-none-eabi/7.3.1/../../../../arm-none-eabi/lib/thumb/v7e-m/fpv4-sp/hard\libc.a(lib_a-atexit.o)
 .ARM.attributes
                0x000004f7       0x34 c:/ac6/systemworkbench/plugins/fr.ac6.mcu.externaltools.arm-none.win32_1.17.0.201812190825/tools/compiler/bin/../lib/gcc/arm-none-eabi/7.3.1/../../../../arm-none-eabi/lib/thumb/v7e-m/fpv4-sp/hard\libc.a(lib_a-fini.o)
 .ARM.attributes
                0x0000052b       0x34 c:/ac6/systemworkbench/plugins/fr.ac6.mcu.externaltools.arm-none.win32_1.17.0.201812190825/tools/compiler/bin/../lib/gcc/arm-none-eabi/7.3.1/../../../../arm-none-eabi/lib/thumb/v7e-m/fpv4-sp/hard\libc.a(lib_a-freer.o)
 .ARM.attributes
                0x0000055f       0x34 c:/ac6/systemworkbench/plugins/fr.ac6.mcu.externaltools.arm-none.win32_1.17.0.201812190825/tools/compiler/bin/../lib/gcc/arm-none-eabi/7.3.1/../../../../arm-none-eabi/lib/thumb/v7e-m/fpv4-sp/hard\libc.a(lib_a-lock.o)
 .ARM.attributes
                0x00000593       0x34 c:/ac6/systemworkbench/plugins/fr.ac6.mcu.externaltools.arm-none.win32_1.17.0.201812190825/tools/compiler/bin/../lib/gcc/arm-none-eabi/7.3.1/../../../../arm-none-eabi/lib/thumb/v7e-m/fpv4-sp/hard\libc.a(lib_a-reent.o)
 .ARM.attributes
                0x000005c7       0x34 c:/ac6/systemworkbench/plugins/fr.ac6.mcu.externaltools.arm-none.win32_1.17.0.201812190825/tools/compiler/bin/../lib/gcc/arm-none-eabi/7.3.1/../../../../arm-none-eabi/lib/thumb/v7e-m/fpv4-sp/hard\libc.a(lib_a-__atexit.o)
 .ARM.attributes
                0x000005fb       0x22 c:/ac6/systemworkbench/plugins/fr.ac6.mcu.externaltools.arm-none.win32_1.17.0.201812190825/tools/compiler/bin/../lib/gcc/arm-none-eabi/7.3.1/thumb/v7e-m/fpv4-sp/hard/crtn.o
OUTPUT(ground_station.elf elf32-littlearm)

.debug_info     0x00000000     0x877d
 .debug_info    0x00000000      0x54b StdPeriph_Driver/src/misc.o
 .debug_info    0x0000054b      0xe67 StdPeriph_Driver/src/stm32f4xx_rcc.o
 .debug_info    0x000013b2      0xb4d StdPeriph_Driver/src/stm32f4xx_spi.o
 .debug_info    0x00001eff      0x9d4 StdPeriph_Driver/src/stm32f4xx_usart.o
 .debug_info    0x000028d3      0xb1b src/main.o
 .debug_info    0x000033ee      0xf2e src/syscalls.o
 .debug_info    0x0000431c      0x612 src/system_stm32f4xx.o
 .debug_info    0x0000492e     0x124c src/tm_stm32f4_delay.o
 .debug_info    0x00005b7a      0x87d src/tm_stm32f4_gpio.o
 .debug_info    0x000063f7      0x893 src/tm_stm32f4_nrf24l01.o
 .debug_info    0x00006c8a      0xb59 src/tm_stm32f4_spi.o
 .debug_info    0x000077e3      0xf78 src/tm_stm32f4_usart.o
 .debug_info    0x0000875b       0x22 startup/startup_stm32.o

.debug_abbrev   0x00000000     0x1805
 .debug_abbrev  0x00000000      0x177 StdPeriph_Driver/src/misc.o
 .debug_abbrev  0x00000177      0x1d4 StdPeriph_Driver/src/stm32f4xx_rcc.o
 .debug_abbrev  0x0000034b      0x17f StdPeriph_Driver/src/stm32f4xx_spi.o
 .debug_abbrev  0x000004ca      0x187 StdPeriph_Driver/src/stm32f4xx_usart.o
 .debug_abbrev  0x00000651      0x1fc src/main.o
 .debug_abbrev  0x0000084d      0x2aa src/syscalls.o
 .debug_abbrev  0x00000af7      0x15d src/system_stm32f4xx.o
 .debug_abbrev  0x00000c54      0x37d src/tm_stm32f4_delay.o
 .debug_abbrev  0x00000fd1      0x181 src/tm_stm32f4_gpio.o
 .debug_abbrev  0x00001152      0x1fc src/tm_stm32f4_nrf24l01.o
 .debug_abbrev  0x0000134e      0x216 src/tm_stm32f4_spi.o
 .debug_abbrev  0x00001564      0x28f src/tm_stm32f4_usart.o
 .debug_abbrev  0x000017f3       0x12 startup/startup_stm32.o

.debug_aranges  0x00000000      0x8a0
 .debug_aranges
                0x00000000       0x40 StdPeriph_Driver/src/misc.o
 .debug_aranges
                0x00000040      0x1c0 StdPeriph_Driver/src/stm32f4xx_rcc.o
 .debug_aranges
                0x00000200       0xe0 StdPeriph_Driver/src/stm32f4xx_spi.o
 .debug_aranges
                0x000002e0      0x100 StdPeriph_Driver/src/stm32f4xx_usart.o
 .debug_aranges
                0x000003e0       0x20 src/main.o
 .debug_aranges
                0x00000400       0xb0 src/syscalls.o
 .debug_aranges
                0x000004b0       0x30 src/system_stm32f4xx.o
 .debug_aranges
                0x000004e0       0x80 src/tm_stm32f4_delay.o
 .debug_aranges
                0x00000560       0x98 src/tm_stm32f4_gpio.o
 .debug_aranges
                0x000005f8       0xd8 src/tm_stm32f4_nrf24l01.o
 .debug_aranges
                0x000006d0       0xb0 src/tm_stm32f4_spi.o
 .debug_aranges
                0x00000780       0xf8 src/tm_stm32f4_usart.o
 .debug_aranges
                0x00000878       0x28 startup/startup_stm32.o

.debug_ranges   0x00000000      0x7d8
 .debug_ranges  0x00000000       0x30 StdPeriph_Driver/src/misc.o
 .debug_ranges  0x00000030      0x1b0 StdPeriph_Driver/src/stm32f4xx_rcc.o
 .debug_ranges  0x000001e0       0xd0 StdPeriph_Driver/src/stm32f4xx_spi.o
 .debug_ranges  0x000002b0       0xf0 StdPeriph_Driver/src/stm32f4xx_usart.o
 .debug_ranges  0x000003a0       0x10 src/main.o
 .debug_ranges  0x000003b0       0xa0 src/syscalls.o
 .debug_ranges  0x00000450       0x20 src/system_stm32f4xx.o
 .debug_ranges  0x00000470       0x70 src/tm_stm32f4_delay.o
 .debug_ranges  0x000004e0       0x88 src/tm_stm32f4_gpio.o
 .debug_ranges  0x00000568       0xc8 src/tm_stm32f4_nrf24l01.o
 .debug_ranges  0x00000630       0xa0 src/tm_stm32f4_spi.o
 .debug_ranges  0x000006d0       0xe8 src/tm_stm32f4_usart.o
 .debug_ranges  0x000007b8       0x20 startup/startup_stm32.o

.debug_macro    0x00000000    0x128d9
 .debug_macro   0x00000000      0x1be StdPeriph_Driver/src/misc.o
 .debug_macro   0x000001be      0xa78 StdPeriph_Driver/src/misc.o
 .debug_macro   0x00000c36       0x6b StdPeriph_Driver/src/misc.o
 .debug_macro   0x00000ca1       0x3b StdPeriph_Driver/src/misc.o
 .debug_macro   0x00000cdc       0x22 StdPeriph_Driver/src/misc.o
 .debug_macro   0x00000cfe       0x8e StdPeriph_Driver/src/misc.o
 .debug_macro   0x00000d8c       0x51 StdPeriph_Driver/src/misc.o
 .debug_macro   0x00000ddd       0xef StdPeriph_Driver/src/misc.o
 .debug_macro   0x00000ecc       0x6a StdPeriph_Driver/src/misc.o
 .debug_macro   0x00000f36      0x1df StdPeriph_Driver/src/misc.o
 .debug_macro   0x00001115       0x34 StdPeriph_Driver/src/misc.o
 .debug_macro   0x00001149       0x26 StdPeriph_Driver/src/misc.o
 .debug_macro   0x0000116f      0xe43 StdPeriph_Driver/src/misc.o
 .debug_macro   0x00001fb2     0x91ad StdPeriph_Driver/src/misc.o
 .debug_macro   0x0000b15f      0x44f StdPeriph_Driver/src/misc.o
 .debug_macro   0x0000b5ae       0xb2 StdPeriph_Driver/src/misc.o
 .debug_macro   0x0000b660      0x477 StdPeriph_Driver/src/misc.o
 .debug_macro   0x0000bad7       0xb5 StdPeriph_Driver/src/misc.o
 .debug_macro   0x0000bb8c      0x41c StdPeriph_Driver/src/misc.o
 .debug_macro   0x0000bfa8      0x2fb StdPeriph_Driver/src/misc.o
 .debug_macro   0x0000c2a3      0x2ba StdPeriph_Driver/src/misc.o
 .debug_macro   0x0000c55d       0x64 StdPeriph_Driver/src/misc.o
 .debug_macro   0x0000c5c1       0xee StdPeriph_Driver/src/misc.o
 .debug_macro   0x0000c6af      0x65f StdPeriph_Driver/src/misc.o
 .debug_macro   0x0000cd0e      0x59e StdPeriph_Driver/src/misc.o
 .debug_macro   0x0000d2ac      0x342 StdPeriph_Driver/src/misc.o
 .debug_macro   0x0000d5ee      0x36c StdPeriph_Driver/src/misc.o
 .debug_macro   0x0000d95a      0x114 StdPeriph_Driver/src/misc.o
 .debug_macro   0x0000da6e      0x73b StdPeriph_Driver/src/misc.o
 .debug_macro   0x0000e1a9      0x223 StdPeriph_Driver/src/misc.o
 .debug_macro   0x0000e3cc       0x34 StdPeriph_Driver/src/misc.o
 .debug_macro   0x0000e400      0x144 StdPeriph_Driver/src/misc.o
 .debug_macro   0x0000e544       0xc3 StdPeriph_Driver/src/misc.o
 .debug_macro   0x0000e607       0x40 StdPeriph_Driver/src/misc.o
 .debug_macro   0x0000e647      0x3cf StdPeriph_Driver/src/misc.o
 .debug_macro   0x0000ea16      0x188 StdPeriph_Driver/src/misc.o
 .debug_macro   0x0000eb9e      0x149 StdPeriph_Driver/src/misc.o
 .debug_macro   0x0000ece7       0x35 StdPeriph_Driver/src/misc.o
 .debug_macro   0x0000ed1c       0x7c StdPeriph_Driver/src/misc.o
 .debug_macro   0x0000ed98      0x28b StdPeriph_Driver/src/stm32f4xx_rcc.o
 .debug_macro   0x0000f023      0x1e8 StdPeriph_Driver/src/stm32f4xx_spi.o
 .debug_macro   0x0000f20b      0x366 StdPeriph_Driver/src/stm32f4xx_spi.o
 .debug_macro   0x0000f571      0x1d4 StdPeriph_Driver/src/stm32f4xx_usart.o
 .debug_macro   0x0000f745      0x21d StdPeriph_Driver/src/stm32f4xx_usart.o
 .debug_macro   0x0000f962      0x3ae src/main.o
 .debug_macro   0x0000fd10       0x10 src/main.o
 .debug_macro   0x0000fd20       0x16 src/main.o
 .debug_macro   0x0000fd36       0xaf src/main.o
 .debug_macro   0x0000fde5      0x11c src/main.o
 .debug_macro   0x0000ff01       0x6d src/main.o
 .debug_macro   0x0000ff6e       0x18 src/main.o
 .debug_macro   0x0000ff86       0x5e src/main.o
 .debug_macro   0x0000ffe4       0x35 src/main.o
 .debug_macro   0x00010019       0x34 src/main.o
 .debug_macro   0x0001004d       0x16 src/main.o
 .debug_macro   0x00010063      0x10e src/main.o
 .debug_macro   0x00010171       0x8d src/main.o
 .debug_macro   0x000101fe       0x58 src/main.o
 .debug_macro   0x00010256       0x1f src/main.o
 .debug_macro   0x00010275       0x43 src/main.o
 .debug_macro   0x000102b8       0x20 src/main.o
 .debug_macro   0x000102d8      0x18e src/main.o
 .debug_macro   0x00010466      0x330 src/main.o
 .debug_macro   0x00010796       0x16 src/main.o
 .debug_macro   0x000107ac       0x29 src/main.o
 .debug_macro   0x000107d5       0x35 src/main.o
 .debug_macro   0x0001080a      0x1a1 src/main.o
 .debug_macro   0x000109ab       0x1c src/main.o
 .debug_macro   0x000109c7       0x35 src/main.o
 .debug_macro   0x000109fc       0x10 src/main.o
 .debug_macro   0x00010a0c       0x10 src/main.o
 .debug_macro   0x00010a1c       0x1c src/main.o
 .debug_macro   0x00010a38       0x52 src/main.o
 .debug_macro   0x00010a8a       0x40 src/main.o
 .debug_macro   0x00010aca       0x10 src/main.o
 .debug_macro   0x00010ada       0x40 src/main.o
 .debug_macro   0x00010b1a       0xd7 src/main.o
 .debug_macro   0x00010bf1       0x1c src/main.o
 .debug_macro   0x00010c0d       0x3d src/main.o
 .debug_macro   0x00010c4a       0x16 src/main.o
 .debug_macro   0x00010c60      0x16f src/main.o
 .debug_macro   0x00010dcf      0x243 src/syscalls.o
 .debug_macro   0x00011012       0x58 src/syscalls.o
 .debug_macro   0x0001106a       0x94 src/syscalls.o
 .debug_macro   0x000110fe       0x57 src/syscalls.o
 .debug_macro   0x00011155      0x174 src/syscalls.o
 .debug_macro   0x000112c9       0x10 src/syscalls.o
 .debug_macro   0x000112d9       0x10 src/syscalls.o
 .debug_macro   0x000112e9       0x10 src/syscalls.o
 .debug_macro   0x000112f9       0x35 src/syscalls.o
 .debug_macro   0x0001132e      0x122 src/syscalls.o
 .debug_macro   0x00011450       0x10 src/syscalls.o
 .debug_macro   0x00011460      0x241 src/syscalls.o
 .debug_macro   0x000116a1       0x10 src/syscalls.o
 .debug_macro   0x000116b1      0x189 src/syscalls.o
 .debug_macro   0x0001183a       0x16 src/syscalls.o
 .debug_macro   0x00011850       0x88 src/syscalls.o
 .debug_macro   0x000118d8      0x1d2 src/system_stm32f4xx.o
 .debug_macro   0x00011aaa      0x29c src/tm_stm32f4_delay.o
 .debug_macro   0x00011d46      0x1ca src/tm_stm32f4_gpio.o
 .debug_macro   0x00011f10       0xa9 src/tm_stm32f4_gpio.o
 .debug_macro   0x00011fb9      0x540 src/tm_stm32f4_nrf24l01.o
 .debug_macro   0x000124f9      0x1eb src/tm_stm32f4_spi.o
 .debug_macro   0x000126e4      0x1f5 src/tm_stm32f4_usart.o

.debug_line     0x00000000     0x625b
 .debug_line    0x00000000      0x645 StdPeriph_Driver/src/misc.o
 .debug_line    0x00000645      0xa5f StdPeriph_Driver/src/stm32f4xx_rcc.o
 .debug_line    0x000010a4      0x870 StdPeriph_Driver/src/stm32f4xx_spi.o
 .debug_line    0x00001914      0x8b1 StdPeriph_Driver/src/stm32f4xx_usart.o
 .debug_line    0x000021c5      0x7f2 src/main.o
 .debug_line    0x000029b7      0x5df src/syscalls.o
 .debug_line    0x00002f96      0x660 src/system_stm32f4xx.o
 .debug_line    0x000035f6      0x862 src/tm_stm32f4_delay.o
 .debug_line    0x00003e58      0x7ed src/tm_stm32f4_gpio.o
 .debug_line    0x00004645      0x8f0 src/tm_stm32f4_nrf24l01.o
 .debug_line    0x00004f35      0x94e src/tm_stm32f4_spi.o
 .debug_line    0x00005883      0x95c src/tm_stm32f4_usart.o
 .debug_line    0x000061df       0x7c startup/startup_stm32.o

.debug_str      0x00000000    0x68fbe
 .debug_str     0x00000000    0x5ea56 StdPeriph_Driver/src/misc.o
                              0x5ebf8 (size before relaxing)
 .debug_str     0x0005ea56      0xd81 StdPeriph_Driver/src/stm32f4xx_rcc.o
                              0x5f7ad (size before relaxing)
 .debug_str     0x0005f7d7      0x3c7 StdPeriph_Driver/src/stm32f4xx_spi.o
                              0x5ef89 (size before relaxing)
 .debug_str     0x0005fb9e      0x528 StdPeriph_Driver/src/stm32f4xx_usart.o
                              0x5efb3 (size before relaxing)
 .debug_str     0x000600c6     0x59e5 src/main.o
                              0x644b7 (size before relaxing)
 .debug_str     0x00065aab     0x1115 src/syscalls.o
                               0x85bb (size before relaxing)
 .debug_str     0x00066bc0       0xc7 src/system_stm32f4xx.o
                              0x5ebf3 (size before relaxing)
 .debug_str     0x00066c87      0x6f2 src/tm_stm32f4_delay.o
                              0x6223b (size before relaxing)
 .debug_str     0x00067379      0x318 src/tm_stm32f4_gpio.o
                              0x5f27a (size before relaxing)
 .debug_str     0x00067691     0x12c4 src/tm_stm32f4_nrf24l01.o
                              0x60c88 (size before relaxing)
 .debug_str     0x00068955      0x271 src/tm_stm32f4_spi.o
                              0x5fa2b (size before relaxing)
 .debug_str     0x00068bc6      0x3cf src/tm_stm32f4_usart.o
                              0x604bd (size before relaxing)
 .debug_str     0x00068f95       0x29 startup/startup_stm32.o
                                 0x5b (size before relaxing)

.comment        0x00000000       0x7f
 .comment       0x00000000       0x7f StdPeriph_Driver/src/misc.o
                                 0x80 (size before relaxing)
 .comment       0x0000007f       0x80 StdPeriph_Driver/src/stm32f4xx_rcc.o
 .comment       0x0000007f       0x80 StdPeriph_Driver/src/stm32f4xx_spi.o
 .comment       0x0000007f       0x80 StdPeriph_Driver/src/stm32f4xx_usart.o
 .comment       0x0000007f       0x80 src/main.o
 .comment       0x0000007f       0x80 src/syscalls.o
 .comment       0x0000007f       0x80 src/system_stm32f4xx.o
 .comment       0x0000007f       0x80 src/tm_stm32f4_delay.o
 .comment       0x0000007f       0x80 src/tm_stm32f4_gpio.o
 .comment       0x0000007f       0x80 src/tm_stm32f4_nrf24l01.o
 .comment       0x0000007f       0x80 src/tm_stm32f4_spi.o
 .comment       0x0000007f       0x80 src/tm_stm32f4_usart.o

.debug_frame    0x00000000     0x2744
 .debug_frame   0x00000000       0xd8 StdPeriph_Driver/src/misc.o
 .debug_frame   0x000000d8      0x83c StdPeriph_Driver/src/stm32f4xx_rcc.o
 .debug_frame   0x00000914      0x3f4 StdPeriph_Driver/src/stm32f4xx_spi.o
 .debug_frame   0x00000d08      0x490 StdPeriph_Driver/src/stm32f4xx_usart.o
 .debug_frame   0x00001198       0x30 src/main.o
 .debug_frame   0x000011c8      0x2d0 src/syscalls.o
 .debug_frame   0x00001498       0x7c src/system_stm32f4xx.o
 .debug_frame   0x00001514      0x1ec src/tm_stm32f4_delay.o
 .debug_frame   0x00001700      0x274 src/tm_stm32f4_gpio.o
 .debug_frame   0x00001974      0x354 src/tm_stm32f4_nrf24l01.o
 .debug_frame   0x00001cc8      0x2e8 src/tm_stm32f4_spi.o
 .debug_frame   0x00001fb0      0x3ec src/tm_stm32f4_usart.o
 .debug_frame   0x0000239c       0x20 c:/ac6/systemworkbench/plugins/fr.ac6.mcu.externaltools.arm-none.win32_1.17.0.201812190825/tools/compiler/bin/../lib/gcc/arm-none-eabi/7.3.1/../../../../arm-none-eabi/lib/thumb/v7e-m/fpv4-sp/hard\libc.a(lib_a-errno.o)
 .debug_frame   0x000023bc       0x2c c:/ac6/systemworkbench/plugins/fr.ac6.mcu.externaltools.arm-none.win32_1.17.0.201812190825/tools/compiler/bin/../lib/gcc/arm-none-eabi/7.3.1/../../../../arm-none-eabi/lib/thumb/v7e-m/fpv4-sp/hard\libc.a(lib_a-init.o)
 .debug_frame   0x000023e8       0x30 c:/ac6/systemworkbench/plugins/fr.ac6.mcu.externaltools.arm-none.win32_1.17.0.201812190825/tools/compiler/bin/../lib/gcc/arm-none-eabi/7.3.1/../../../../arm-none-eabi/lib/thumb/v7e-m/fpv4-sp/hard\libc.a(lib_a-malloc.o)
 .debug_frame   0x00002418       0x54 c:/ac6/systemworkbench/plugins/fr.ac6.mcu.externaltools.arm-none.win32_1.17.0.201812190825/tools/compiler/bin/../lib/gcc/arm-none-eabi/7.3.1/../../../../arm-none-eabi/lib/thumb/v7e-m/fpv4-sp/hard\libc.a(lib_a-mallocr.o)
 .debug_frame   0x0000246c       0x30 c:/ac6/systemworkbench/plugins/fr.ac6.mcu.externaltools.arm-none.win32_1.17.0.201812190825/tools/compiler/bin/../lib/gcc/arm-none-eabi/7.3.1/../../../../arm-none-eabi/lib/thumb/v7e-m/fpv4-sp/hard\libc.a(lib_a-mlock.o)
 .debug_frame   0x0000249c       0x2c c:/ac6/systemworkbench/plugins/fr.ac6.mcu.externaltools.arm-none.win32_1.17.0.201812190825/tools/compiler/bin/../lib/gcc/arm-none-eabi/7.3.1/../../../../arm-none-eabi/lib/thumb/v7e-m/fpv4-sp/hard\libc.a(lib_a-sbrkr.o)
 .debug_frame   0x000024c8       0x5c c:/ac6/systemworkbench/plugins/fr.ac6.mcu.externaltools.arm-none.win32_1.17.0.201812190825/tools/compiler/bin/../lib/gcc/arm-none-eabi/7.3.1/../../../../arm-none-eabi/lib/thumb/v7e-m/fpv4-sp/hard\libc.a(lib_a-__call_atexit.o)
 .debug_frame   0x00002524       0x20 c:/ac6/systemworkbench/plugins/fr.ac6.mcu.externaltools.arm-none.win32_1.17.0.201812190825/tools/compiler/bin/../lib/gcc/arm-none-eabi/7.3.1/../../../../arm-none-eabi/lib/thumb/v7e-m/fpv4-sp/hard\libc.a(lib_a-atexit.o)
 .debug_frame   0x00002544       0x34 c:/ac6/systemworkbench/plugins/fr.ac6.mcu.externaltools.arm-none.win32_1.17.0.201812190825/tools/compiler/bin/../lib/gcc/arm-none-eabi/7.3.1/../../../../arm-none-eabi/lib/thumb/v7e-m/fpv4-sp/hard\libc.a(lib_a-fini.o)
 .debug_frame   0x00002578       0x80 c:/ac6/systemworkbench/plugins/fr.ac6.mcu.externaltools.arm-none.win32_1.17.0.201812190825/tools/compiler/bin/../lib/gcc/arm-none-eabi/7.3.1/../../../../arm-none-eabi/lib/thumb/v7e-m/fpv4-sp/hard\libc.a(lib_a-freer.o)
 .debug_frame   0x000025f8       0xb0 c:/ac6/systemworkbench/plugins/fr.ac6.mcu.externaltools.arm-none.win32_1.17.0.201812190825/tools/compiler/bin/../lib/gcc/arm-none-eabi/7.3.1/../../../../arm-none-eabi/lib/thumb/v7e-m/fpv4-sp/hard\libc.a(lib_a-lock.o)
 .debug_frame   0x000026a8       0x68 c:/ac6/systemworkbench/plugins/fr.ac6.mcu.externaltools.arm-none.win32_1.17.0.201812190825/tools/compiler/bin/../lib/gcc/arm-none-eabi/7.3.1/../../../../arm-none-eabi/lib/thumb/v7e-m/fpv4-sp/hard\libc.a(lib_a-reent.o)
 .debug_frame   0x00002710       0x34 c:/ac6/systemworkbench/plugins/fr.ac6.mcu.externaltools.arm-none.win32_1.17.0.201812190825/tools/compiler/bin/../lib/gcc/arm-none-eabi/7.3.1/../../../../arm-none-eabi/lib/thumb/v7e-m/fpv4-sp/hard\libc.a(lib_a-__atexit.o)
